nohup: ignoring input
Exemples générés :
01: bucker
02: boobers1
03: 1123196
04: dizydog
05: bonces
06: stevere
07: stydog32
08: metti19
09: lainnet1
10: mocorty1
1000/100000 générés
2000/100000 générés
3000/100000 générés
4000/100000 générés
5000/100000 générés
6000/100000 générés
7000/100000 générés
8000/100000 générés
9000/100000 générés
10000/100000 générés
11000/100000 générés
12000/100000 générés
13000/100000 générés
14000/100000 générés
15000/100000 générés
16000/100000 générés
17000/100000 générés
18000/100000 générés
19000/100000 générés
20000/100000 générés
21000/100000 générés
22000/100000 générés
23000/100000 générés
24000/100000 générés
25000/100000 générés
26000/100000 générés
27000/100000 générés
28000/100000 générés
29000/100000 générés
30000/100000 générés
31000/100000 générés
32000/100000 générés
33000/100000 générés
34000/100000 générés
35000/100000 générés
36000/100000 générés
37000/100000 générés
38000/100000 générés
39000/100000 générés
40000/100000 générés
41000/100000 générés
42000/100000 générés
43000/100000 générés
44000/100000 générés
45000/100000 générés
46000/100000 générés
47000/100000 générés
48000/100000 générés
49000/100000 générés
50000/100000 générés
51000/100000 générés
52000/100000 générés
53000/100000 générés
54000/100000 générés
55000/100000 générés
56000/100000 générés
57000/100000 générés
58000/100000 générés
59000/100000 générés
60000/100000 générés
61000/100000 générés
62000/100000 générés
63000/100000 générés
64000/100000 générés
65000/100000 générés
66000/100000 générés
67000/100000 générés
68000/100000 générés
69000/100000 générés
70000/100000 générés
71000/100000 générés
72000/100000 générés
73000/100000 générés
74000/100000 générés
75000/100000 générés
76000/100000 générés
77000/100000 générés
78000/100000 générés
79000/100000 générés
80000/100000 générés
81000/100000 générés
82000/100000 générés
83000/100000 générés
84000/100000 générés
85000/100000 générés
86000/100000 générés
87000/100000 générés
88000/100000 générés
89000/100000 générés
90000/100000 générés
91000/100000 générés
92000/100000 générés
93000/100000 générés
94000/100000 générés
95000/100000 générés
96000/100000 générés
97000/100000 générés
98000/100000 générés
99000/100000 générés
100000/100000 générés
Fichier créé : ../outputs/generated/lstm_100k.txt
